01   0000             PSG_REG:    EQU     $7F11 ; PSG ポート
02   0000                   ORG     $0000
03   0000             BOOT: ; プログラム 開始位置
04   0000                         ORG     $0000
05   0000 F3                      DI                              ; 割り込み禁止
06   0001 31 00 20                LD      SP, $2000               ; スタックポインタ初期化
07   0004 ED 56                   IM      1                       ; 割り込みMODE 1
08   0006 F3                      DI
09   0007 C3 42 00                JP      INIT                    ; RESET
10   000A             ; 68000 とのデータやり取り
11   000A             
12   000A 00                      BLOCK   $0010-$
13   0010                         ORG     $0010
14   0010 00 00       POS:        DW      0     ; カウンタ
15   0012 00          VINT:       DB      0     ; VINT
16   0013 00          ENDF:       DB      0     ; 終了フラグ
17   0014             
18   0014             ; 割込み処理 --------------------------
19   0014 00                      BLOCK   $0038-$
20   0038                         ORG     $0038
21   0038             VSYNC:      
22   0038 F5                      PUSH    AF                        ; AF 待避
23   0039 3E 01                   LD      A,$1
24   003B 32 12 00                LD      (VINT),A                ; カウンタをAに
25   003E FB                      EI
26   003F F1                      POP     AF                      ; AF 戻す
27   0040 ED 4D                   RETI                            ; VSYNC割り込み終了
28   0042             ; 割り込み終了 -------------------------
29   0042             
30   0042             INIT:
31   0042 DD 21 62 00       LD IX,TBL1
32   0046 21 11 7F          LD      HL, PSG_REG  ; [10]
33   0049 31 00 20          LD SP, $2000         ; スタックを2000にする
34   004C             LOOP:
35   004C 3E 00             LD A,0
36   004E 32 12 00          LD (VINT),A
37   0051 DD 22 56 00       LD (POSSS+1),IX      ; コールするアドレスを設定する
38   0055             POSSS:
39   0055 CD 62 00          CALL TBL1            ; [17] 関数呼び出し
40   0058             VWAIT:
41   0058 3A 12 00          LD A,(VINT)
42   005B A7                AND A
43   005C CA 58 00          JP Z, VWAIT
44   005F C3 4C 00          JP LOOP
45   0062             
46   0062             TBL1:
47   0062 36 12             LD      (HL), $12      ; [10]
48   0064 01 08 00          LD BC,TBL2-TBL1
49   0067 DD 09             ADD IX,BC
50   0069 C9                RET
51   006A             TBL2:
52   006A 36 12             LD      (HL), $12      ; [10]
53   006C 01 03 00          LD BC,$3
54   006F DD 09             ADD IX,BC
55   0071 C9                RET
56   0072             TBL3:
57   0072 36 12             LD      (HL), $12      ; [10]
58   0074 01 03 00          LD BC,$3
59   0077 DD 09             ADD IX,BC
60   0079 C9                RET
61   007A             
62   007A             TBL4:
63   007A 01 62 00          LD BC,TBL1
64   007D 3E 01             LD A,1
65   007F 32 13 00          LD (ENDF),A
66   0082 C9                RET
